
R version 3.5.1 (2018-07-02) -- "Feather Spray"
Copyright (C) 2018 The R Foundation for Statistical Computing
Platform: x86_64-w64-mingw32/x64 (64-bit)

R is free software and comes with ABSOLUTELY NO WARRANTY.
You are welcome to redistribute it under certain conditions.
Type 'license()' or 'licence()' for distribution details.

  Natural language support but running in an English locale

R is a collaborative project with many contributors.
Type 'contributors()' for more information and
'citation()' on how to cite R or R packages in publications.

Type 'demo()' for some demos, 'help()' for on-line help, or
'help.start()' for an HTML browser interface to help.
Type 'q()' to quit R.

[Previously saved workspace restored]

> power <- read.table("household_power_consumption.txt",skip=1,sep=";")
Error in file(file, "rt") : cannot open the connection
In addition: Warning message:
In file(file, "rt") :
  cannot open file 'household_power_consumption.txt': No such file or directory
> if(!file.exists("getdata-projectfiles-UCI HAR Dataset.zip")) {
+         tmp <- tempfile()
+         download.file("http://d396qusza40orc.cloudfront.net/repdata%2Fdata%2Factivity.zip",tmp)
+         unzip(tmp)
+         unlink(tmp)
+ }
trying URL 'http://d396qusza40orc.cloudfront.net/repdata%2Fdata%2Factivity.zip'
Content type 'application/zip' length 53559 bytes (52 KB)
downloaded 52 KB

> df <- read.csv("activity.csv")
> sum_steps <- aggregate(steps ~ date, df, sum)
> hist(sum_steps$steps, main = paste("Total Steps Each Day"), col="green", xlab="Total of Steps")
> library(dplyr)

Attaching package: ‘dplyr’

The following objects are masked from ‘package:stats’:

    filter, lag

The following objects are masked from ‘package:base’:

    intersect, setdiff, setequal, union

Warning message:
package ‘dplyr’ was built under R version 3.5.3 
> library(lubridate)

Attaching package: ‘lubridate’

The following object is masked from ‘package:base’:

    date

Warning message:
package ‘lubridate’ was built under R version 3.5.3 
> data <- read.table("household_power_consumption.txt", sep = ";", skip = 66637, nrows = 2880)
Error in file(file, "rt") : cannot open the connection
In addition: Warning message:
In file(file, "rt") :
  cannot open file 'household_power_consumption.txt': No such file or directory
> setwd("C:/Users/Akash Gupta/Desktop/Books/R wrangling/Exploratory data analysis Coursera")
Error in setwd("C:/Users/Akash Gupta/Desktop/Books/R wrangling/Exploratory data analysis Coursera") : 
  cannot change working directory
> setwd("C:/Users/NAYANA NAIR/documents/cert/data")
> data_full <- read.csv("household_power_consumption.txt", header=T, sep=';', na.strings="?", 
+                       nrows=2075259, check.names=F, stringsAsFactors=F, comment.char="", quote='\"')
> data1 <- subset(data_full, Date %in% c("1/2/2007","2/2/2007"))
> data1$Date <- as.Date(data1$Date, format="%d/%m/%Y")
> hist(data1$Global_active_power, main="Global Active Power", 
+      xlab="Global Active Power (kilowatts)", ylab="Frequency", col="Red")
> png("plot1.png", width=480, height=480)
> dev.off()
windows 
      2 
> q()
> 
